// Jest Snapshot v1, https://goo.gl/fbAQLP

exports[`Header should match snapshot 1`] = `
.c0 {
  color: #494949;
}

<div>
  <div
    class=""
  >
    <h1
      class="c0"
    >
      Question 
      1
       of 
      4
    </h1>
  </div>
</div>
`;
